
Merging program properties


As-needed library included to satisfy reference by file (symbol)

libc.so.6                     msend.o (snprintf@@GLIBC_2.2.5)

Discarded input sections

 .note.GNU-stack
                0x0000000000000000        0x0 /usr/lib/gcc/x86_64-linux-gnu/13/../../../x86_64-linux-gnu/Scrt1.o
 .note.gnu.property
                0x0000000000000000       0x20 /usr/lib/gcc/x86_64-linux-gnu/13/../../../x86_64-linux-gnu/crti.o
 .note.GNU-stack
                0x0000000000000000        0x0 /usr/lib/gcc/x86_64-linux-gnu/13/../../../x86_64-linux-gnu/crti.o
 .note.GNU-stack
                0x0000000000000000        0x0 /usr/lib/gcc/x86_64-linux-gnu/13/crtbeginS.o
 .note.gnu.property
                0x0000000000000000       0x20 /usr/lib/gcc/x86_64-linux-gnu/13/crtbeginS.o
 .note.GNU-stack
                0x0000000000000000        0x0 msend.o
 .note.gnu.property
                0x0000000000000000       0x20 msend.o
 .note.GNU-stack
                0x0000000000000000        0x0 common.o
 .note.gnu.property
                0x0000000000000000       0x20 common.o
 .note.GNU-stack
                0x0000000000000000        0x0 inet.o
 .note.gnu.property
                0x0000000000000000       0x20 inet.o
 .note.GNU-stack
                0x0000000000000000        0x0 sock.o
 .note.gnu.property
                0x0000000000000000       0x20 sock.o
 .note.GNU-stack
                0x0000000000000000        0x0 /usr/lib/gcc/x86_64-linux-gnu/13/crtendS.o
 .note.gnu.property
                0x0000000000000000       0x20 /usr/lib/gcc/x86_64-linux-gnu/13/crtendS.o
 .note.gnu.property
                0x0000000000000000       0x20 /usr/lib/gcc/x86_64-linux-gnu/13/../../../x86_64-linux-gnu/crtn.o
 .note.GNU-stack
                0x0000000000000000        0x0 /usr/lib/gcc/x86_64-linux-gnu/13/../../../x86_64-linux-gnu/crtn.o

Memory Configuration

Name             Origin             Length             Attributes
*default*        0x0000000000000000 0xffffffffffffffff

Linker script and memory map

LOAD /usr/lib/gcc/x86_64-linux-gnu/13/../../../x86_64-linux-gnu/Scrt1.o
LOAD /usr/lib/gcc/x86_64-linux-gnu/13/../../../x86_64-linux-gnu/crti.o
LOAD /usr/lib/gcc/x86_64-linux-gnu/13/crtbeginS.o
LOAD msend.o
LOAD common.o
LOAD inet.o
LOAD sock.o
LOAD /usr/lib/gcc/x86_64-linux-gnu/13/libgcc.a
LOAD /usr/lib/gcc/x86_64-linux-gnu/13/libgcc_s.so
START GROUP
LOAD /usr/lib/gcc/x86_64-linux-gnu/13/../../../x86_64-linux-gnu/libgcc_s.so.1
LOAD /usr/lib/gcc/x86_64-linux-gnu/13/libgcc.a
END GROUP
LOAD /usr/lib/gcc/x86_64-linux-gnu/13/../../../x86_64-linux-gnu/libc.so
START GROUP
LOAD /lib/x86_64-linux-gnu/libc.so.6
LOAD /usr/lib/x86_64-linux-gnu/libc_nonshared.a
LOAD /lib64/ld-linux-x86-64.so.2
END GROUP
LOAD /usr/lib/gcc/x86_64-linux-gnu/13/libgcc.a
LOAD /usr/lib/gcc/x86_64-linux-gnu/13/libgcc_s.so
START GROUP
LOAD /usr/lib/gcc/x86_64-linux-gnu/13/../../../x86_64-linux-gnu/libgcc_s.so.1
LOAD /usr/lib/gcc/x86_64-linux-gnu/13/libgcc.a
END GROUP
LOAD /usr/lib/gcc/x86_64-linux-gnu/13/crtendS.o
LOAD /usr/lib/gcc/x86_64-linux-gnu/13/../../../x86_64-linux-gnu/crtn.o
                [!provide]                        PROVIDE (__executable_start = SEGMENT_START ("text-segment", 0x0))
                0x0000000000000318                . = (SEGMENT_START ("text-segment", 0x0) + SIZEOF_HEADERS)

.interp         0x0000000000000318       0x1c
 *(.interp)
 .interp        0x0000000000000318       0x1c /usr/lib/gcc/x86_64-linux-gnu/13/../../../x86_64-linux-gnu/Scrt1.o

.note.gnu.property
                0x0000000000000338       0x30
 .note.gnu.property
                0x0000000000000338       0x30 /usr/lib/gcc/x86_64-linux-gnu/13/../../../x86_64-linux-gnu/Scrt1.o

.note.gnu.build-id
                0x0000000000000368       0x24
 *(.note.gnu.build-id)
 .note.gnu.build-id
                0x0000000000000368       0x24 /usr/lib/gcc/x86_64-linux-gnu/13/../../../x86_64-linux-gnu/Scrt1.o

.note.ABI-tag   0x000000000000038c       0x20
 .note.ABI-tag  0x000000000000038c       0x20 /usr/lib/gcc/x86_64-linux-gnu/13/../../../x86_64-linux-gnu/Scrt1.o

.hash
 *(.hash)

.gnu.hash       0x00000000000003b0       0x34
 *(.gnu.hash)
 .gnu.hash      0x00000000000003b0       0x34 /usr/lib/gcc/x86_64-linux-gnu/13/../../../x86_64-linux-gnu/Scrt1.o

.dynsym         0x00000000000003e8      0x390
 *(.dynsym)
 .dynsym        0x00000000000003e8      0x390 /usr/lib/gcc/x86_64-linux-gnu/13/../../../x86_64-linux-gnu/Scrt1.o

.dynstr         0x0000000000000778      0x1af
 *(.dynstr)
 .dynstr        0x0000000000000778      0x1af /usr/lib/gcc/x86_64-linux-gnu/13/../../../x86_64-linux-gnu/Scrt1.o

.gnu.version    0x0000000000000928       0x4c
 *(.gnu.version)
 .gnu.version   0x0000000000000928       0x4c /usr/lib/gcc/x86_64-linux-gnu/13/../../../x86_64-linux-gnu/Scrt1.o

.gnu.version_d  0x0000000000000978        0x0
 *(.gnu.version_d)
 .gnu.version_d
                0x0000000000000978        0x0 /usr/lib/gcc/x86_64-linux-gnu/13/../../../x86_64-linux-gnu/Scrt1.o

.gnu.version_r  0x0000000000000978       0x40
 *(.gnu.version_r)
 .gnu.version_r
                0x0000000000000978       0x40 /usr/lib/gcc/x86_64-linux-gnu/13/../../../x86_64-linux-gnu/Scrt1.o

.rela.dyn       0x00000000000009b8      0x138
 *(.rela.init)
 *(.rela.text .rela.text.* .rela.gnu.linkonce.t.*)
 .rela.text     0x00000000000009b8        0x0 /usr/lib/gcc/x86_64-linux-gnu/13/../../../x86_64-linux-gnu/Scrt1.o
 *(.rela.fini)
 *(.rela.rodata .rela.rodata.* .rela.gnu.linkonce.r.*)
 *(.rela.data .rela.data.* .rela.gnu.linkonce.d.*)
 .rela.data.rel.ro
                0x00000000000009b8        0x0 /usr/lib/gcc/x86_64-linux-gnu/13/../../../x86_64-linux-gnu/Scrt1.o
 .rela.data.rel.local
                0x00000000000009b8       0x48 /usr/lib/gcc/x86_64-linux-gnu/13/../../../x86_64-linux-gnu/Scrt1.o
 *(.rela.tdata .rela.tdata.* .rela.gnu.linkonce.td.*)
 *(.rela.tbss .rela.tbss.* .rela.gnu.linkonce.tb.*)
 *(.rela.ctors)
 *(.rela.dtors)
 *(.rela.got)
 .rela.got      0x0000000000000a00       0x78 /usr/lib/gcc/x86_64-linux-gnu/13/../../../x86_64-linux-gnu/Scrt1.o
 *(.rela.bss .rela.bss.* .rela.gnu.linkonce.b.*)
 .rela.bss      0x0000000000000a78       0x48 /usr/lib/gcc/x86_64-linux-gnu/13/../../../x86_64-linux-gnu/Scrt1.o
 *(.rela.ldata .rela.ldata.* .rela.gnu.linkonce.l.*)
 *(.rela.lbss .rela.lbss.* .rela.gnu.linkonce.lb.*)
 *(.rela.lrodata .rela.lrodata.* .rela.gnu.linkonce.lr.*)
 *(.rela.ifunc)
 .rela.ifunc    0x0000000000000ac0        0x0 /usr/lib/gcc/x86_64-linux-gnu/13/../../../x86_64-linux-gnu/Scrt1.o
 .rela.fini_array
                0x0000000000000ac0       0x18 /usr/lib/gcc/x86_64-linux-gnu/13/../../../x86_64-linux-gnu/Scrt1.o
 .rela.init_array
                0x0000000000000ad8       0x18 /usr/lib/gcc/x86_64-linux-gnu/13/../../../x86_64-linux-gnu/Scrt1.o

.rela.plt       0x0000000000000af0      0x2b8
 *(.rela.plt)
 .rela.plt      0x0000000000000af0      0x2b8 /usr/lib/gcc/x86_64-linux-gnu/13/../../../x86_64-linux-gnu/Scrt1.o
 *(.rela.iplt)

.relr.dyn
 *(.relr.dyn)
                0x0000000000001000                . = ALIGN (CONSTANT (MAXPAGESIZE))

.init           0x0000000000001000       0x1b
 *(SORT_NONE(.init))
 .init          0x0000000000001000       0x16 /usr/lib/gcc/x86_64-linux-gnu/13/../../../x86_64-linux-gnu/crti.o
                0x0000000000001000                _init
 .init          0x0000000000001016        0x5 /usr/lib/gcc/x86_64-linux-gnu/13/../../../x86_64-linux-gnu/crtn.o

.plt            0x0000000000001020      0x1e0
 *(.plt)
 .plt           0x0000000000001020      0x1e0 /usr/lib/gcc/x86_64-linux-gnu/13/../../../x86_64-linux-gnu/Scrt1.o
 *(.iplt)

.plt.got        0x0000000000001200       0x10
 *(.plt.got)
 .plt.got       0x0000000000001200       0x10 /usr/lib/gcc/x86_64-linux-gnu/13/../../../x86_64-linux-gnu/Scrt1.o
                0x0000000000001200                __cxa_finalize@@GLIBC_2.2.5

.plt.sec        0x0000000000001210      0x1d0
 *(.plt.sec)
 .plt.sec       0x0000000000001210      0x1d0 /usr/lib/gcc/x86_64-linux-gnu/13/../../../x86_64-linux-gnu/Scrt1.o
                0x0000000000001210                inet_ntop@@GLIBC_2.2.5
                0x0000000000001220                sigprocmask@@GLIBC_2.2.5
                0x0000000000001230                __errno_location@@GLIBC_2.2.5
                0x0000000000001240                strncpy@@GLIBC_2.2.5
                0x0000000000001250                puts@@GLIBC_2.2.5
                0x0000000000001260                setsockopt@@GLIBC_2.2.5
                0x0000000000001270                __stack_chk_fail@@GLIBC_2.4
                0x0000000000001280                htons@@GLIBC_2.2.5
                0x0000000000001290                printf@@GLIBC_2.2.5
                0x00000000000012a0                snprintf@@GLIBC_2.2.5
                0x00000000000012b0                sendto@@GLIBC_2.2.5
                0x00000000000012c0                close@@GLIBC_2.2.5
                0x00000000000012d0                getopt_long_only@@GLIBC_2.2.5
                0x00000000000012e0                fprintf@@GLIBC_2.2.5
                0x00000000000012f0                sigemptyset@@GLIBC_2.2.5
                0x0000000000001300                if_nametoindex@@GLIBC_2.2.5
                0x0000000000001310                inet_pton@@GLIBC_2.2.5
                0x0000000000001320                sigwaitinfo@@GLIBC_2.2.5
                0x0000000000001330                fflush@@GLIBC_2.2.5
                0x0000000000001340                setitimer@@GLIBC_2.2.5
                0x0000000000001350                bind@@GLIBC_2.2.5
                0x0000000000001360                perror@@GLIBC_2.2.5
                0x0000000000001370                getsockname@@GLIBC_2.2.5
                0x0000000000001380                atoi@@GLIBC_2.2.5
                0x0000000000001390                exit@@GLIBC_2.2.5
                0x00000000000013a0                fwrite@@GLIBC_2.2.5
                0x00000000000013b0                strdup@@GLIBC_2.2.5
                0x00000000000013c0                sigaddset@@GLIBC_2.2.5
                0x00000000000013d0                socket@@GLIBC_2.2.5

.text           0x00000000000013e0     0x1484
 *(.text.unlikely .text.*_unlikely .text.unlikely.*)
 *(.text.exit .text.exit.*)
 *(.text.startup .text.startup.*)
 *(.text.hot .text.hot.*)
 *(SORT_BY_NAME(.text.sorted.*))
 *(.text .stub .text.* .gnu.linkonce.t.*)
 .text          0x00000000000013e0       0x26 /usr/lib/gcc/x86_64-linux-gnu/13/../../../x86_64-linux-gnu/Scrt1.o
                0x00000000000013e0                _start
 .text          0x0000000000001406        0x0 /usr/lib/gcc/x86_64-linux-gnu/13/../../../x86_64-linux-gnu/crti.o
 *fill*         0x0000000000001406        0xa 
 .text          0x0000000000001410       0xb9 /usr/lib/gcc/x86_64-linux-gnu/13/crtbeginS.o
 .text          0x00000000000014c9      0x90b msend.o
                0x0000000000001597                main
 .text          0x0000000000001dd4        0x0 common.o
 .text          0x0000000000001dd4      0x1c2 inet.o
                0x0000000000001dd4                inet_address
                0x0000000000001e4f                inet_addrlen
                0x0000000000001e8a                inet_port
                0x0000000000001ec7                inet_parse
 .text          0x0000000000001f96      0x8ce sock.o
                0x0000000000001f96                sock_create
                0x00000000000020eb                sock_family
                0x0000000000002175                sock_mc_loop
                0x000000000000223f                sock_mc_ttl
                0x0000000000002474                sock_mc_join
 .text          0x0000000000002864        0x0 /usr/lib/gcc/x86_64-linux-gnu/13/crtendS.o
 .text          0x0000000000002864        0x0 /usr/lib/gcc/x86_64-linux-gnu/13/../../../x86_64-linux-gnu/crtn.o
 *(.gnu.warning)

.fini           0x0000000000002864        0xd
 *(SORT_NONE(.fini))
 .fini          0x0000000000002864        0x8 /usr/lib/gcc/x86_64-linux-gnu/13/../../../x86_64-linux-gnu/crti.o
                0x0000000000002864                _fini
 .fini          0x000000000000286c        0x5 /usr/lib/gcc/x86_64-linux-gnu/13/../../../x86_64-linux-gnu/crtn.o
                [!provide]                        PROVIDE (__etext = .)
                [!provide]                        PROVIDE (_etext = .)
                [!provide]                        PROVIDE (etext = .)
                0x0000000000003000                . = ALIGN (CONSTANT (MAXPAGESIZE))
                0x0000000000003000                . = SEGMENT_START ("rodata-segment", (ALIGN (CONSTANT (MAXPAGESIZE)) + (. & (CONSTANT (MAXPAGESIZE) - 0x1))))

.rodata         0x0000000000003000      0x9f0
 *(.rodata .rodata.* .gnu.linkonce.r.*)
 .rodata.cst4   0x0000000000003000        0x4 /usr/lib/gcc/x86_64-linux-gnu/13/../../../x86_64-linux-gnu/Scrt1.o
                0x0000000000003000                _IO_stdin_used
 *fill*         0x0000000000003004        0x4 
 .rodata        0x0000000000003008      0x896 msend.o
 *fill*         0x000000000000389e        0x2 
 .rodata        0x00000000000038a0      0x150 sock.o

.rodata1
 *(.rodata1)

.eh_frame_hdr   0x00000000000039f0       0x9c
 *(.eh_frame_hdr)
 .eh_frame_hdr  0x00000000000039f0       0x9c /usr/lib/gcc/x86_64-linux-gnu/13/../../../x86_64-linux-gnu/Scrt1.o
                0x00000000000039f0                __GNU_EH_FRAME_HDR
 *(.eh_frame_entry .eh_frame_entry.*)

.eh_frame       0x0000000000003a90      0x250
 *(.eh_frame)
 .eh_frame      0x0000000000003a90       0x30 /usr/lib/gcc/x86_64-linux-gnu/13/../../../x86_64-linux-gnu/Scrt1.o
                                         0x2c (size before relaxing)
 *fill*         0x0000000000003ac0        0x0 
 .eh_frame      0x0000000000003ac0       0x28 /usr/lib/gcc/x86_64-linux-gnu/13/../../../x86_64-linux-gnu/Scrt1.o
                                         0x40 (size before relaxing)
 .eh_frame      0x0000000000003ae8       0x18 /usr/lib/gcc/x86_64-linux-gnu/13/../../../x86_64-linux-gnu/Scrt1.o
                                         0x30 (size before relaxing)
 .eh_frame      0x0000000000003b00       0x18 /usr/lib/gcc/x86_64-linux-gnu/13/../../../x86_64-linux-gnu/Scrt1.o
                                         0x30 (size before relaxing)
 .eh_frame      0x0000000000003b18       0x60 msend.o
                                         0x78 (size before relaxing)
 .eh_frame      0x0000000000003b78       0x80 inet.o
                                         0x98 (size before relaxing)
 .eh_frame      0x0000000000003bf8       0xe4 sock.o
                                        0x100 (size before relaxing)
 .eh_frame      0x0000000000003cdc        0x4 /usr/lib/gcc/x86_64-linux-gnu/13/crtendS.o
 *(.eh_frame.*)

.sframe         0x0000000000003ce0        0x0
 *(.sframe)
 .sframe        0x0000000000003ce0        0x0 /usr/lib/gcc/x86_64-linux-gnu/13/../../../x86_64-linux-gnu/Scrt1.o
 .sframe        0x0000000000003ce0        0x0 /usr/lib/gcc/x86_64-linux-gnu/13/../../../x86_64-linux-gnu/Scrt1.o
 *(.sframe.*)

.gcc_except_table
 *(.gcc_except_table .gcc_except_table.*)

.gnu_extab
 *(.gnu_extab*)

.exception_ranges
 *(.exception_ranges*)
                0x0000000000004cd8                . = DATA_SEGMENT_ALIGN (CONSTANT (MAXPAGESIZE), CONSTANT (COMMONPAGESIZE))

.eh_frame
 *(.eh_frame)
 *(.eh_frame.*)

.sframe
 *(.sframe)
 *(.sframe.*)

.gnu_extab
 *(.gnu_extab)

.gcc_except_table
 *(.gcc_except_table .gcc_except_table.*)

.exception_ranges
 *(.exception_ranges*)

.tdata          0x0000000000004cd8        0x0
                [!provide]                        PROVIDE (__tdata_start = .)
 *(.tdata .tdata.* .gnu.linkonce.td.*)

.tbss
 *(.tbss .tbss.* .gnu.linkonce.tb.*)
 *(.tcommon)

.preinit_array  0x0000000000004cd8        0x0
                [!provide]                        PROVIDE (__preinit_array_start = .)
 *(.preinit_array)
                [!provide]                        PROVIDE (__preinit_array_end = .)

.init_array     0x0000000000004cd8        0x8
                [!provide]                        PROVIDE (__init_array_start = .)
 *(SORT_BY_INIT_PRIORITY(.init_array.*) SORT_BY_INIT_PRIORITY(.ctors.*))
 *(.init_array EXCLUDE_FILE(*crtend?.o *crtend.o *crtbegin?.o *crtbegin.o) .ctors)
 .init_array    0x0000000000004cd8        0x8 /usr/lib/gcc/x86_64-linux-gnu/13/crtbeginS.o
                [!provide]                        PROVIDE (__init_array_end = .)

.fini_array     0x0000000000004ce0        0x8
                [!provide]                        PROVIDE (__fini_array_start = .)
 *(SORT_BY_INIT_PRIORITY(.fini_array.*) SORT_BY_INIT_PRIORITY(.dtors.*))
 *(.fini_array EXCLUDE_FILE(*crtend?.o *crtend.o *crtbegin?.o *crtbegin.o) .dtors)
 .fini_array    0x0000000000004ce0        0x8 /usr/lib/gcc/x86_64-linux-gnu/13/crtbeginS.o
                [!provide]                        PROVIDE (__fini_array_end = .)

.ctors
 *crtbegin.o(.ctors)
 *crtbegin?.o(.ctors)
 *(EXCLUDE_FILE(*crtend?.o *crtend.o) .ctors)
 *(SORT_BY_NAME(.ctors.*))
 *(.ctors)

.dtors
 *crtbegin.o(.dtors)
 *crtbegin?.o(.dtors)
 *(EXCLUDE_FILE(*crtend?.o *crtend.o) .dtors)
 *(SORT_BY_NAME(.dtors.*))
 *(.dtors)

.jcr
 *(.jcr)

.data.rel.ro    0x0000000000004ce8        0x0
 *(.data.rel.ro.local* .gnu.linkonce.d.rel.ro.local.*)
 *(.data.rel.ro .data.rel.ro.* .gnu.linkonce.d.rel.ro.*)
 .data.rel.ro   0x0000000000004ce8        0x0 /usr/lib/gcc/x86_64-linux-gnu/13/../../../x86_64-linux-gnu/Scrt1.o

.dynamic        0x0000000000004ce8      0x1f0
 *(.dynamic)
 .dynamic       0x0000000000004ce8      0x1f0 /usr/lib/gcc/x86_64-linux-gnu/13/../../../x86_64-linux-gnu/Scrt1.o
                0x0000000000004ce8                _DYNAMIC

.got            0x0000000000004ed8      0x128
 *(.got.plt)
 .got.plt       0x0000000000004ed8      0x100 /usr/lib/gcc/x86_64-linux-gnu/13/../../../x86_64-linux-gnu/Scrt1.o
                0x0000000000004ed8                _GLOBAL_OFFSET_TABLE_
 *(.igot.plt)
 *(.got)
 .got           0x0000000000004fd8       0x28 /usr/lib/gcc/x86_64-linux-gnu/13/../../../x86_64-linux-gnu/Scrt1.o
 *(.igot)
                0x0000000000005000                . = DATA_SEGMENT_RELRO_END (., 0x0)

.data           0x0000000000005000       0x94
 *(.data .data.* .gnu.linkonce.d.*)
 .data          0x0000000000005000        0x4 /usr/lib/gcc/x86_64-linux-gnu/13/../../../x86_64-linux-gnu/Scrt1.o
                0x0000000000005000                data_start
                0x0000000000005000                __data_start
 .data          0x0000000000005004        0x0 /usr/lib/gcc/x86_64-linux-gnu/13/../../../x86_64-linux-gnu/crti.o
 .data          0x0000000000005004        0x0 /usr/lib/gcc/x86_64-linux-gnu/13/crtbeginS.o
 *fill*         0x0000000000005004        0x4 
 .data.rel.local
                0x0000000000005008        0x8 /usr/lib/gcc/x86_64-linux-gnu/13/crtbeginS.o
                0x0000000000005008                __dso_handle
 .data          0x0000000000005010        0x4 msend.o
 *fill*         0x0000000000005014        0xc 
 .data.rel.local
                0x0000000000005020       0x60 msend.o
 .data          0x0000000000005080       0x14 common.o
                0x0000000000005080                group_port
                0x0000000000005084                opt_family
                0x0000000000005088                opt_period
                0x000000000000508c                opt_ttl
                0x0000000000005090                opt_verbose
 .data          0x0000000000005094        0x0 inet.o
 .data          0x0000000000005094        0x0 sock.o
 .data          0x0000000000005094        0x0 /usr/lib/gcc/x86_64-linux-gnu/13/crtendS.o
 .data          0x0000000000005094        0x0 /usr/lib/gcc/x86_64-linux-gnu/13/../../../x86_64-linux-gnu/crtn.o

.tm_clone_table
                0x0000000000005098        0x0
 .tm_clone_table
                0x0000000000005098        0x0 /usr/lib/gcc/x86_64-linux-gnu/13/crtbeginS.o
 .tm_clone_table
                0x0000000000005098        0x0 /usr/lib/gcc/x86_64-linux-gnu/13/crtendS.o

.data1
 *(.data1)
                0x0000000000005094                _edata = .
                [!provide]                        PROVIDE (edata = .)
                0x0000000000005098                . = ALIGN (ALIGNOF (NEXT_SECTION))
                0x00000000000050a0                __bss_start = .

.bss            0x00000000000050a0       0x78
 *(.dynbss)
 *fill*         0x00000000000050a0        0x0 
 .dynbss        0x00000000000050a0       0x48 /usr/lib/gcc/x86_64-linux-gnu/13/../../../x86_64-linux-gnu/Scrt1.o
                0x00000000000050a0                stdout@@GLIBC_2.2.5
                0x00000000000050c0                optarg@@GLIBC_2.2.5
                0x00000000000050e0                stderr@@GLIBC_2.2.5
 *(.bss .bss.* .gnu.linkonce.b.*)
 .bss           0x00000000000050e8        0x0 /usr/lib/gcc/x86_64-linux-gnu/13/../../../x86_64-linux-gnu/Scrt1.o
 .bss           0x00000000000050e8        0x0 /usr/lib/gcc/x86_64-linux-gnu/13/../../../x86_64-linux-gnu/crti.o
 .bss           0x00000000000050e8        0x1 /usr/lib/gcc/x86_64-linux-gnu/13/crtbeginS.o
 .bss           0x00000000000050e9        0x0 msend.o
 *fill*         0x00000000000050e9        0x7 
 .bss           0x00000000000050f0       0x28 common.o
                0x00000000000050f0                group_addr
                0x00000000000050f8                opt_count
                0x0000000000005100                opt_ifaddr
                0x0000000000005108                opt_ifname
                0x0000000000005110                opt_isnum
                0x0000000000005114                opt_join
 .bss           0x0000000000005118        0x0 inet.o
 .bss           0x0000000000005118        0x0 sock.o
 .bss           0x0000000000005118        0x0 /usr/lib/gcc/x86_64-linux-gnu/13/crtendS.o
 .bss           0x0000000000005118        0x0 /usr/lib/gcc/x86_64-linux-gnu/13/../../../x86_64-linux-gnu/crtn.o
 *(COMMON)
                0x0000000000005118                . = ALIGN ((. != 0x0)?0x8:0x1)

.lbss
 *(.dynlbss)
 *(.lbss .lbss.* .gnu.linkonce.lb.*)
 *(LARGE_COMMON)
                0x0000000000005118                . = ALIGN (0x8)
                0x0000000000005118                . = SEGMENT_START ("ldata-segment", .)

.lrodata
 *(.lrodata .lrodata.* .gnu.linkonce.lr.*)

.ldata          0x0000000000007118        0x0
 *(.ldata .ldata.* .gnu.linkonce.l.*)
                0x0000000000007118                . = ALIGN ((. != 0x0)?0x8:0x1)
                0x0000000000007118                . = ALIGN (0x8)
                0x0000000000005118                _end = .
                [!provide]                        PROVIDE (end = .)
                0x0000000000007118                . = DATA_SEGMENT_END (.)

.stab
 *(.stab)

.stabstr
 *(.stabstr)

.stab.excl
 *(.stab.excl)

.stab.exclstr
 *(.stab.exclstr)

.stab.index
 *(.stab.index)

.stab.indexstr
 *(.stab.indexstr)

.comment        0x0000000000000000       0x2b
 *(.comment)
 .comment       0x0000000000000000       0x2b /usr/lib/gcc/x86_64-linux-gnu/13/crtbeginS.o
                                         0x2c (size before relaxing)
 .comment       0x000000000000002b       0x2c msend.o
 .comment       0x000000000000002b       0x2c common.o
 .comment       0x000000000000002b       0x2c inet.o
 .comment       0x000000000000002b       0x2c sock.o
 .comment       0x000000000000002b       0x2c /usr/lib/gcc/x86_64-linux-gnu/13/crtendS.o

.gnu.build.attributes
 *(.gnu.build.attributes .gnu.build.attributes.*)

.debug
 *(.debug)

.line
 *(.line)

.debug_srcinfo
 *(.debug_srcinfo)

.debug_sfnames
 *(.debug_sfnames)

.debug_aranges  0x0000000000000000       0xb0
 *(.debug_aranges)
 .debug_aranges
                0x0000000000000000       0x30 msend.o
 .debug_aranges
                0x0000000000000030       0x20 common.o
 .debug_aranges
                0x0000000000000050       0x30 inet.o
 .debug_aranges
                0x0000000000000080       0x30 sock.o

.debug_pubnames
 *(.debug_pubnames)

.debug_info     0x0000000000000000     0x1d5f
 *(.debug_info .gnu.linkonce.wi.*)
 .debug_info    0x0000000000000000      0xcf7 msend.o
 .debug_info    0x0000000000000cf7      0x190 common.o
 .debug_info    0x0000000000000e87      0x4be inet.o
 .debug_info    0x0000000000001345      0xa1a sock.o

.debug_abbrev   0x0000000000000000      0x6fb
 *(.debug_abbrev)
 .debug_abbrev  0x0000000000000000      0x27a msend.o
 .debug_abbrev  0x000000000000027a       0x55 common.o
 .debug_abbrev  0x00000000000002cf      0x1c8 inet.o
 .debug_abbrev  0x0000000000000497      0x264 sock.o

.debug_line     0x0000000000000000      0x701
 *(.debug_line .debug_line.* .debug_line_end)
 .debug_line    0x0000000000000000      0x31a msend.o
 .debug_line    0x000000000000031a       0x3b common.o
 .debug_line    0x0000000000000355      0x135 inet.o
 .debug_line    0x000000000000048a      0x277 sock.o

.debug_frame
 *(.debug_frame)

.debug_str      0x0000000000000000      0xa79
 *(.debug_str)
 .debug_str     0x0000000000000000      0xa79 msend.o
                                        0x741 (size before relaxing)
 .debug_str     0x0000000000000a79      0x18a common.o
 .debug_str     0x0000000000000a79      0x2f7 inet.o
 .debug_str     0x0000000000000a79      0x730 sock.o

.debug_loc
 *(.debug_loc)

.debug_macinfo
 *(.debug_macinfo)

.debug_weaknames
 *(.debug_weaknames)

.debug_funcnames
 *(.debug_funcnames)

.debug_typenames
 *(.debug_typenames)

.debug_varnames
 *(.debug_varnames)

.debug_pubtypes
 *(.debug_pubtypes)

.debug_ranges
 *(.debug_ranges)

.debug_addr
 *(.debug_addr)

.debug_line_str
                0x0000000000000000      0x245
 *(.debug_line_str)
 .debug_line_str
                0x0000000000000000      0x245 msend.o
                                        0x25e (size before relaxing)
 .debug_line_str
                0x0000000000000245       0xaa common.o
 .debug_line_str
                0x0000000000000245      0x16a inet.o
 .debug_line_str
                0x0000000000000245      0x1ef sock.o

.debug_loclists
 *(.debug_loclists)

.debug_macro
 *(.debug_macro)

.debug_names
 *(.debug_names)

.debug_rnglists
                0x0000000000000000       0x2e
 *(.debug_rnglists)
 .debug_rnglists
                0x0000000000000000       0x17 msend.o
 .debug_rnglists
                0x0000000000000017       0x17 sock.o

.debug_str_offsets
 *(.debug_str_offsets)

.debug_sup
 *(.debug_sup)

.gnu.attributes
 *(.gnu.attributes)

/DISCARD/
 *(.note.GNU-stack)
 *(.gnu_debuglink)
 *(.gnu.lto_*)
OUTPUT(msend elf64-x86-64)
